2026-07-30 16:03:48,359 [INFO] scraper: Scrape started.
2026-07-30 16:03:49,029 [INFO] scraper: Discovered 48 brands.
2026-07-30 16:03:49,031 [INFO] scraper: Fetching brand=Alaia page=0
2026-07-30 16:03:49,136 [INFO] scraper: Alaia : 16 products (1 pages)
2026-07-30 16:03:49,141 [INFO] scraper: Fetching brand=Alain Mikli page=0
2026-07-30 16:03:49,296 [INFO] scraper: Alain Mikli : 21 products (1 pages)
2026-07-30 16:03:49,304 [INFO] scraper: Fetching brand=Armani Exchange page=0
2026-07-30 16:03:49,565 [INFO] scraper: Armani Exchange : 62 products (1 pages)
2026-07-30 16:03:49,572 [INFO] scraper: Fetching brand=Arnette page=0
2026-07-30 16:03:49,753 [INFO] scraper: Arnette : 85 products (1 pages)
2026-07-30 16:03:49,758 [INFO] scraper: Exported batch of 100 items
2026-07-30 16:03:49,768 [INFO] scraper: Fetching brand=Balenciaga page=0
2026-07-30 16:03:49,902 [INFO] scraper: Balenciaga : 35 products (1 pages)
2026-07-30 16:03:49,909 [INFO] scraper: Exported batch of 100 items
2026-07-30 16:03:49,918 [INFO] scraper: Fetching brand=Bottega Veneta page=0
2026-07-30 16:03:50,103 [INFO] scraper: Bottega Veneta : 39 products (1 pages)
2026-07-30 16:03:50,110 [INFO] scraper: Fetching brand=Brunello Cucinelli page=0
2026-07-30 16:03:50,302 [INFO] scraper: Brunello Cucinelli : 47 products (1 pages)
2026-07-30 16:03:50,306 [INFO] scraper: Exported batch of 100 items
2026-07-30 16:03:50,316 [INFO] scraper: Fetching brand=Burberry page=0
2026-07-30 16:03:50,555 [INFO] scraper: Burberry : 155 products (2 pages)
2026-07-30 16:03:50,560 [INFO] scraper: Exported batch of 100 items
2026-07-30 16:03:50,564 [INFO] scraper: Fetching brand=Burberry page=1
2026-07-30 16:03:50,693 [INFO] scraper: Fetching brand=Cartier page=0
2026-07-30 16:03:50,882 [INFO] scraper: Cartier : 63 products (1 pages)
2026-07-30 16:03:50,887 [INFO] scraper: Exported batch of 100 items
2026-07-30 16:03:50,901 [INFO] scraper: Fetching brand=Celine page=0
2026-07-30 16:03:51,114 [INFO] scraper: Celine : 58 products (1 pages)
2026-07-30 16:03:51,129 [INFO] scraper: Fetching brand=Chanel page=0
2026-07-30 16:03:51,349 [INFO] scraper: Chanel : 232 products (3 pages)
2026-07-30 16:03:51,363 [INFO] scraper: Exported batch of 100 items
2026-07-30 16:03:51,376 [INFO] scraper: Fetching brand=Chanel page=1
2026-07-30 16:03:51,535 [INFO] scraper: Exported batch of 100 items
2026-07-30 16:03:51,541 [INFO] scraper: Fetching brand=Chanel page=2
2026-07-30 16:03:51,697 [INFO] scraper: Exported batch of 100 items
2026-07-30 16:03:51,707 [INFO] scraper: Fetching brand=Chloé page=0
2026-07-30 16:03:51,890 [INFO] scraper: Chloé : 45 products (1 pages)
2026-07-30 16:03:51,899 [INFO] scraper: Fetching brand=Coach page=0
2026-07-30 16:03:52,150 [INFO] scraper: Coach : 167 products (2 pages)
2026-07-30 16:03:52,157 [INFO] scraper: Exported batch of 100 items
2026-07-30 16:03:52,161 [INFO] scraper: Fetching brand=Coach page=1
2026-07-30 16:03:52,317 [INFO] scraper: Exported batch of 100 items
2026-07-30 16:03:52,325 [INFO] scraper: Fetching brand=Costa page=0
2026-07-30 16:03:52,552 [INFO] scraper: Costa : 130 products (2 pages)
2026-07-30 16:03:52,559 [INFO] scraper: Exported batch of 100 items
2026-07-30 16:03:52,564 [INFO] scraper: Fetching brand=Costa page=1
2026-07-30 16:03:52,711 [INFO] scraper: Fetching brand=DIOR page=0
2026-07-30 16:03:52,934 [INFO] scraper: DIOR : 170 products (2 pages)
2026-07-30 16:03:52,940 [INFO] scraper: Exported batch of 100 items
2026-07-30 16:03:52,944 [INFO] scraper: Fetching brand=DIOR page=1
2026-07-30 16:03:53,112 [INFO] scraper: Exported batch of 100 items
2026-07-30 16:03:53,118 [INFO] scraper: Fetching brand=Diesel page=0
2026-07-30 16:03:53,295 [INFO] scraper: Diesel : 38 products (1 pages)
2026-07-30 16:03:53,304 [INFO] scraper: Fetching brand=Dolce&Gabbana page=0
2026-07-30 16:03:53,543 [INFO] scraper: Dolce&Gabbana : 180 products (2 pages)
2026-07-30 16:03:53,547 [INFO] scraper: Exported batch of 100 items
2026-07-30 16:03:53,550 [INFO] scraper: Fetching brand=Dolce&Gabbana page=1
2026-07-30 16:03:53,726 [INFO] scraper: Exported batch of 100 items
2026-07-30 16:03:53,734 [INFO] scraper: Fetching brand=EA7 page=0
2026-07-30 16:03:53,893 [INFO] scraper: EA7 : 11 products (1 pages)
2026-07-30 16:03:53,907 [INFO] scraper: Fetching brand=Emporio Armani page=0
2026-07-30 16:03:54,138 [INFO] scraper: Emporio Armani : 129 products (2 pages)
2026-07-30 16:03:54,143 [INFO] scraper: Exported batch of 100 items
2026-07-30 16:03:54,146 [INFO] scraper: Fetching brand=Emporio Armani page=1
2026-07-30 16:03:54,301 [INFO] scraper: Fetching brand=Fendi page=0
2026-07-30 16:03:54,505 [INFO] scraper: Fendi : 67 products (1 pages)
2026-07-30 16:03:54,510 [INFO] scraper: Exported batch of 100 items
2026-07-30 16:03:54,522 [INFO] scraper: Fetching brand=Ferrari page=0
2026-07-30 16:03:54,683 [INFO] scraper: Ferrari : 37 products (1 pages)
2026-07-30 16:03:54,690 [INFO] scraper: Fetching brand=Generics page=0
2026-07-30 16:03:54,873 [INFO] scraper: Generics : 10 products (1 pages)
2026-07-30 16:03:54,894 [INFO] scraper: Fetching brand=Gift Card page=0
2026-07-30 16:03:55,051 [INFO] scraper: Gift Card : 1 products (1 pages)
2026-07-30 16:03:55,065 [INFO] scraper: Fetching brand=Giorgio Armani page=0
2026-07-30 16:03:55,333 [INFO] scraper: Giorgio Armani : 125 products (2 pages)
2026-07-30 16:03:55,337 [INFO] scraper: Exported batch of 100 items
2026-07-30 16:03:55,342 [INFO] scraper: Fetching brand=Giorgio Armani page=1
2026-07-30 16:03:55,499 [INFO] scraper: Exported batch of 100 items
2026-07-30 16:03:55,507 [INFO] scraper: Fetching brand=Gucci page=0
2026-07-30 16:03:55,724 [INFO] scraper: Gucci : 148 products (2 pages)
2026-07-30 16:03:55,730 [INFO] scraper: Exported batch of 100 items
2026-07-30 16:03:55,737 [INFO] scraper: Fetching brand=Gucci page=1
2026-07-30 16:03:55,908 [INFO] scraper: Fetching brand=Jimmy Choo page=0
2026-07-30 16:03:56,138 [INFO] scraper: Jimmy Choo : 92 products (1 pages)
2026-07-30 16:03:56,143 [INFO] scraper: Exported batch of 100 items
2026-07-30 16:03:56,152 [INFO] scraper: Fetching brand=Loewe page=0
2026-07-30 16:03:56,288 [INFO] scraper: Loewe : 38 products (1 pages)
2026-07-30 16:03:56,293 [INFO] scraper: Exported batch of 100 items
2026-07-30 16:03:56,300 [INFO] scraper: Fetching brand=Maui Jim page=0
2026-07-30 16:03:56,490 [INFO] scraper: Maui Jim : 51 products (1 pages)
2026-07-30 16:03:56,497 [INFO] scraper: Fetching brand=Michael Kors page=0
2026-07-30 16:03:56,756 [INFO] scraper: Michael Kors : 161 products (2 pages)
2026-07-30 16:03:56,761 [INFO] scraper: Exported batch of 100 items
2026-07-30 16:03:56,766 [INFO] scraper: Fetching brand=Michael Kors page=1
2026-07-30 16:03:56,930 [INFO] scraper: Exported batch of 100 items
2026-07-30 16:03:56,941 [INFO] scraper: Fetching brand=Miu Miu page=0
2026-07-30 16:03:57,118 [INFO] scraper: Miu Miu : 61 products (1 pages)
2026-07-30 16:03:57,127 [INFO] scraper: Fetching brand=Moncler page=0
2026-07-30 16:03:57,311 [INFO] scraper: Moncler : 64 products (1 pages)
2026-07-30 16:03:57,316 [INFO] scraper: Exported batch of 100 items
2026-07-30 16:03:57,324 [INFO] scraper: Fetching brand=Oakley page=0
2026-07-30 16:03:57,549 [INFO] scraper: Oakley : 407 products (5 pages)
2026-07-30 16:03:57,558 [INFO] scraper: Exported batch of 100 items
2026-07-30 16:03:57,562 [INFO] scraper: Fetching brand=Oakley page=1
2026-07-30 16:03:57,764 [INFO] scraper: Exported batch of 100 items
2026-07-30 16:03:57,767 [INFO] scraper: Fetching brand=Oakley page=2
2026-07-30 16:03:57,956 [INFO] scraper: Exported batch of 100 items
2026-07-30 16:03:57,959 [INFO] scraper: Fetching brand=Oakley page=3
2026-07-30 16:03:58,152 [INFO] scraper: Exported batch of 100 items
2026-07-30 16:03:58,154 [INFO] scraper: Fetching brand=Oakley page=4
2026-07-30 16:03:58,282 [INFO] scraper: Fetching brand=Oliver Peoples page=0
2026-07-30 16:03:58,529 [INFO] scraper: Oliver Peoples : 155 products (2 pages)
2026-07-30 16:03:58,534 [INFO] scraper: Exported batch of 100 items
2026-07-30 16:03:58,537 [INFO] scraper: Fetching brand=Oliver Peoples page=1
2026-07-30 16:03:58,691 [INFO] scraper: Exported batch of 100 items
2026-07-30 16:03:58,698 [INFO] scraper: Fetching brand=Persol page=0
2026-07-30 16:03:58,935 [INFO] scraper: Persol : 169 products (2 pages)
2026-07-30 16:03:58,940 [INFO] scraper: Exported batch of 100 items
2026-07-30 16:03:58,946 [INFO] scraper: Fetching brand=Persol page=1
2026-07-30 16:03:59,114 [INFO] scraper: Fetching brand=Polo Ralph Lauren page=0
2026-07-30 16:03:59,322 [INFO] scraper: Polo Ralph Lauren : 92 products (1 pages)
2026-07-30 16:03:59,326 [INFO] scraper: Exported batch of 100 items
2026-07-30 16:03:59,334 [INFO] scraper: Fetching brand=Prada page=0
2026-07-30 16:03:59,529 [INFO] scraper: Prada : 135 products (2 pages)
2026-07-30 16:03:59,534 [INFO] scraper: Exported batch of 100 items
2026-07-30 16:03:59,539 [INFO] scraper: Fetching brand=Prada page=1
2026-07-30 16:03:59,702 [INFO] scraper: Fetching brand=Prada Linea Rossa page=0
2026-07-30 16:03:59,925 [INFO] scraper: Prada Linea Rossa : 44 products (1 pages)
2026-07-30 16:03:59,932 [INFO] scraper: Exported batch of 100 items
2026-07-30 16:03:59,941 [INFO] scraper: Fetching brand=Ralph page=0
2026-07-30 16:04:00,135 [INFO] scraper: Ralph : 60 products (1 pages)
2026-07-30 16:04:00,143 [INFO] scraper: Exported batch of 100 items
2026-07-30 16:04:00,156 [INFO] scraper: Fetching brand=Ralph Lauren page=0
2026-07-30 16:04:00,354 [INFO] scraper: Ralph Lauren : 81 products (1 pages)
2026-07-30 16:04:00,362 [INFO] scraper: Fetching brand=Ray-Ban page=0
2026-07-30 16:04:00,549 [INFO] scraper: Ray-Ban : 559 products (6 pages)
2026-07-30 16:04:00,554 [INFO] scraper: Exported batch of 100 items
2026-07-30 16:04:00,558 [INFO] scraper: Fetching brand=Ray-Ban page=1
2026-07-30 16:04:00,778 [INFO] scraper: Exported batch of 100 items
2026-07-30 16:04:00,781 [INFO] scraper: Fetching brand=Ray-Ban page=2
2026-07-30 16:04:01,002 [INFO] scraper: Exported batch of 100 items
2026-07-30 16:04:01,006 [INFO] scraper: Fetching brand=Ray-Ban page=3
2026-07-30 16:04:01,192 [INFO] scraper: Exported batch of 100 items
2026-07-30 16:04:01,196 [INFO] scraper: Fetching brand=Ray-Ban page=4
2026-07-30 16:04:01,370 [INFO] scraper: Exported batch of 100 items
2026-07-30 16:04:01,373 [INFO] scraper: Fetching brand=Ray-Ban page=5
2026-07-30 16:04:01,551 [INFO] scraper: Exported batch of 100 items
2026-07-30 16:04:01,561 [INFO] scraper: Fetching brand=Saint Laurent page=0
2026-07-30 16:04:01,778 [INFO] scraper: Saint Laurent : 87 products (1 pages)
2026-07-30 16:04:01,784 [INFO] scraper: Exported batch of 100 items
2026-07-30 16:04:01,795 [INFO] scraper: Fetching brand=Scuderia Ferrari page=0
2026-07-30 16:04:01,933 [INFO] scraper: Scuderia Ferrari : 34 products (1 pages)
2026-07-30 16:04:01,940 [INFO] scraper: Fetching brand=Sunglass Hut Collection page=0
2026-07-30 16:04:02,117 [INFO] scraper: Sunglass Hut Collection : 27 products (1 pages)
2026-07-30 16:04:02,126 [INFO] scraper: Fetching brand=Swarovski page=0
2026-07-30 16:04:02,374 [INFO] scraper: Swarovski : 94 products (1 pages)
2026-07-30 16:04:02,386 [INFO] scraper: Exported batch of 100 items
2026-07-30 16:04:02,402 [INFO] scraper: Fetching brand=Tiffany & Co. page=0
2026-07-30 16:04:02,582 [INFO] scraper: Tiffany & Co. : 99 products (1 pages)
2026-07-30 16:04:02,588 [INFO] scraper: Exported batch of 100 items
2026-07-30 16:04:02,598 [INFO] scraper: Fetching brand=Tom Ford page=0
2026-07-30 16:04:02,776 [INFO] scraper: Tom Ford : 85 products (1 pages)
2026-07-30 16:04:02,782 [INFO] scraper: Exported batch of 100 items
2026-07-30 16:04:02,792 [INFO] scraper: Fetching brand=Versace page=0
2026-07-30 16:04:02,983 [INFO] scraper: Versace : 174 products (2 pages)
2026-07-30 16:04:02,987 [INFO] scraper: Exported batch of 100 items
2026-07-30 16:04:02,992 [INFO] scraper: Fetching brand=Versace page=1
2026-07-30 16:04:03,182 [INFO] scraper: Exported batch of 100 items
2026-07-30 16:04:03,192 [INFO] scraper: Fetching brand=Vogue Eyewear page=0
2026-07-30 16:04:03,383 [INFO] scraper: Vogue Eyewear : 143 products (2 pages)
2026-07-30 16:04:03,388 [INFO] scraper: Exported batch of 100 items
2026-07-30 16:04:03,392 [INFO] scraper: Fetching brand=Vogue Eyewear page=1
2026-07-30 16:04:03,549 [INFO] scraper: Exported batch of 83 items
2026-07-30 16:04:03,554 [INFO] scraper: Dedup state saved: 4983 known keys
2026-07-30 16:04:03,712 [INFO] scraper: === FINAL REPORT ===
2026-07-30 16:04:03,712 [INFO] scraper: Outcome            : COMPLETED
2026-07-30 16:04:03,713 [INFO] scraper: Expected items      : 4983
2026-07-30 16:04:03,714 [INFO] scraper: Items scraped       : 4983
2026-07-30 16:04:03,714 [INFO] scraper: Coverage            : 100.0%
2026-07-30 16:04:03,715 [INFO] scraper: Brands discovered   : 48
2026-07-30 16:04:03,715 [INFO] scraper: Brands completed    : 48
2026-07-30 16:04:03,715 [INFO] scraper: Requests sent       : 75
2026-07-30 16:04:03,715 [INFO] scraper: Pages crawled       : 73
2026-07-30 16:04:03,715 [INFO] scraper: Duplicates skipped  : 0
2026-07-30 16:04:03,716 [INFO] scraper: Items failed        : 0
2026-07-30 16:04:03,716 [INFO] scraper: Elapsed             : 15.35s
2026-07-30 16:04:03,716 [INFO] scraper: Run finished: outcome=COMPLETED, exported=4983
